---
source: swarmd_cloud_runtime/tests/basic/mod.rs
assertion_line: 70
expression: err
---
ReferenceError: odzekdiozedjoizej is not defined
    at file:///test.js:3:11
    at file:///test.js:5:9
